// Jest Snapshot v1, https://goo.gl/fbAQLP

exports[`Componente de transação de extrato O snapshot do compenent deve permanecer sempre o mesmo 1`] = `
<div
  class="transacao-container"
>
  <p>
    14/10/2021
  </p>
  <p>
    saque
  </p>
  <p>
    R$ 
    20.00
  </p>
</div>
`;
